AddPermissions.py
ConvertCSVtoJSON.py
ConvertGroupUsersToUserGroups.py
DeleteCalendarAttendees.py
DeleteDuplicateFiles.py
DeleteDuplicateRows.py
DeleteFutureEvents.py
FindCommonEmails.py
GetEMCAliases.py
GetEmptyGroups.py
GetExternalShareCounts.py
GetGroupsOwnedByUser.py
GetGroupsWithExternalMembers.py
GetGroupsWithMatchingMembers.py
GetGuardianStudentEmails.py
GetMultipleParentsRoot.py
GetNonDomainDriveACLs.py
GetNonDomainFilterForwards.py
GetNonDomainTeamDriveACLs.py
GetNonSharedFiles.py
GetPermissionsByPath.py
GetSharedExternallyTeamDriveACLs.py
GetSharedFilePermissions.py
GetSharedFiles.py
GetSharedWithAnyoneDriveACLs.py
GetSharedWithAnyoneTeamDriveACLs.py
GetSharedWithDomainDriveACLs.py
GetSharedWithDomainTeamDriveACLs.py
GetSharedWithGroupDriveACLs.py
GetSharedWithGroupTeamDriveACLs.py
GetSharedWithListOfUsersDriveACLs.py
GetSharedWithNonAccountUsersDriveACLs.py
GetSharedWithUserDriveACLs.py
GetSharedWithUserTeamDriveACLs.py
GetTeamDriveFileCounts.py
GetTeamDriveLastModified.py
GetTeamDriveOrganizers.py
GetTypeWithLinkDriveACLs.py
GetUserCCOrgs.py
GetUserNonOwnerDomainDriveACLs.py
GetUserNonOwnerDriveACLs.py
GetUserNonOwnerDrivePermissions.py
GetUserShareCounts.py
GetUsersGroupCounts.py
MakeGroupUpdates.py
MergeSendasUsers.py
PrintOrgUnitTree.py
SelectiveDelete.py
ShowDelegators.py
ShowUserNonOwnerDriveACLs.py
UpdateOwnerFromPermissions.py
UpgradeWritersToContentManagers.py
